atom.io
dependabot.com
gh.io
ghcr.io
ghe.com
git.io

github.ai
github.blog
github.career
github.com
github.community
github.dev
github.io
githubapp.com
githubassets.com
githubcopilot.com
githubhackathon.com
githubnext.com
githubpreview.dev
githubstatus.com
githubsupport.com
githubuniverse.com
githubusercontent.com

github-cloud.githubusercontent.com
github-releases.githubusercontent.com
github-registry-files.githubusercontent.com
release-assets.githubusercontent.com
objects.githubusercontent.com
objects-origin.githubusercontent.com
raw.githubusercontent.com
pkg-containers.githubusercontent.com
actions.githubusercontent.com

github-cloud.s3.amazonaws.com
github-production-release-asset-2e65be.s3.amazonaws.com
github-production-repository-file-5c1aeb.s3.amazonaws.com
github-production-repository-image-32fea6.s3.amazonaws.com
github-production-upload-manifest-file-7fdce7.s3.amazonaws.com
github-production-user-asset-6210df.s3.amazonaws.com

github-api.arkoselabs.com

myoctocat.com
octocaptcha.com
opensource.guide
repo.new
thegithubshop.com